// Jest Snapshot v1, https://goo.gl/fbAQLP

exports[`<GifGridItem /> test Shows the <GifGridItem /> correctly 1`] = `
<div
  className="card animate__animated animate__fadeIn"
>
  <img
    alt="This is a title"
    src="https://localhost/demo.png"
  />
  <p>
    This is a title
  </p>
</div>
`;
